2026-05-02T18:52:55.099Z REQUEST username=12405540 hasPassword=true hasChallenge=true captchaLen=5
2026-05-02T18:52:58.823Z SUCCESS profileName=Ashish Shankar vid=12405540 cgpa=7.66 att=94 attendanceCount=8
2026-05-02T19:18:01.721Z REQUEST username=12405540 hasPassword=true hasChallenge=true captchaLen=6
2026-05-02T19:18:04.887Z SUCCESS profileName=Ashish Shankar vid=12405540 cgpa=7.66 att=94 attendanceCount=8
2026-05-02T19:27:13.347Z REQUEST username=12405540 hasPassword=true hasChallenge=true captchaLen=5
2026-05-02T19:27:16.429Z SUCCESS profileName=Ashish Shankar vid=12405540 cgpa=7.66 att=94 attendanceCount=8
2026-05-02T19:31:17.415Z REQUEST username=12405540 hasPassword=true hasChallenge=true captchaLen=5
2026-05-02T19:31:20.729Z SUCCESS profileName=Ashish Shankar vid=12405540 cgpa=7.66 att=94 attendanceCount=8
2026-05-02T19:34:12.558Z REQUEST username=12405540 hasPassword=true hasChallenge=true captchaLen=5
2026-05-02T19:34:16.315Z SUCCESS profileName=Ashish Shankar vid=12405540 cgpa=7.66 att=94 attendanceCount=8
2026-05-02T19:38:19.593Z REQUEST username=12405540 hasPassword=true hasChallenge=true captchaLen=6
2026-05-02T19:38:22.984Z SUCCESS profileName=Ashish Shankar vid=12405540 cgpa=7.66 att=94 attendanceCount=8
2026-05-02T19:43:47.055Z REQUEST username=12405540 hasPassword=true hasChallenge=true captchaLen=6
2026-05-02T19:43:49.793Z ERROR status=500 message=appendDebug is not defined
2026-05-02T19:44:06.793Z REQUEST username=12405540 hasPassword=true hasChallenge=true captchaLen=6
2026-05-02T19:44:09.042Z ERROR status=500 message=appendDebug is not defined
2026-05-02T19:45:17.156Z REQUEST username=12405540 hasPassword=true hasChallenge=true captchaLen=5
2026-05-02T19:45:19.285Z TIMETABLE days=
2026-05-02T19:45:19.308Z RESULTS count=0
2026-05-02T19:45:20.364Z FINAL timetableKeys=0 results=0 fee=197900
2026-05-02T19:45:20.365Z SUCCESS profileName=Ashish Shankar vid=12405540 cgpa=7.66 att=94 attendanceCount=8
2026-05-02T19:48:37.538Z REQUEST username=12405540 hasPassword=true hasChallenge=true captchaLen=5
2026-05-02T19:48:39.685Z TIMETABLE days=
2026-05-02T19:48:39.731Z RESULTS count=0
2026-05-02T19:48:40.769Z FINAL timetableKeys=0 results=0 fee=197900
2026-05-02T19:48:40.771Z SUCCESS profileName=Ashish Shankar vid=12405540 cgpa=7.66 att=94 attendanceCount=8
